nohup: ignoring input

> rest-express@1.0.0 start
> NODE_ENV=production node dist/server/index.js

7:39:07 PM [express] 🌐 HTTP server serving on port 5000
7:39:08 PM [express] 📱 Validation page: http://localhost:5000/validacion (manual testing)
Browser initialized successfully
7:39:10 PM [express] GET /api/gallery 200 in 3ms :: []
7:39:10 PM [express] GET /api/user 401 in 1ms
7:39:11 PM [express] GET /api/user 401 in 1ms
7:39:11 PM [express] GET /api/gallery 304 in 2ms :: []
7:39:12 PM [express] GET /api/gallery 304 in 0ms :: []
7:39:12 PM [express] GET /api/user 401 in 2ms
7:39:23 PM [express] GET /api/user 401 in 0ms
7:39:23 PM [express] GET /api/posts 304 in 2ms :: []
7:39:27 PM [express] GET /api/posts 304 in 1ms :: []
7:39:29 PM [express] GET /api/posts 200 in 1ms :: []
7:39:29 PM [express] GET /api/user 401 in 1ms
7:40:21 PM [express] GET /api/user 401 in 3ms
7:40:21 PM [express] GET /api/posts 304 in 2ms :: []
7:40:25 PM [express] POST /api/register 201 in 65ms :: {"id":"YxuEne-fWv9HLUQD5JZxW","email":"pablov…
7:40:37 PM [express] GET /api/tickets 200 in 4ms :: []
7:40:37 PM [express] GET /api/plays 200 in 2ms :: []
7:41:09 PM [express] POST /api/login 200 in 66ms :: {"id":"R0QCCEGCCecYX83Vjn2oS","email":"admin@tec…
7:41:11 PM [express] GET /api/plays 200 in 2ms :: []
7:41:11 PM [express] GET /api/contact 200 in 1ms :: [{"id":"vooFFLtuh8Z2TnzdudP7t","name":"Test User…
7:41:12 PM [express] GET /api/admin/users 200 in 3ms :: [{"id":"YxuEne-fWv9HLUQD5JZxW","name":"Pablo…
7:41:12 PM [express] GET /api/admin/users/stats 200 in 2ms :: {"totalUsers":6,"adminCount":1,"monito…
7:41:16 PM [express] PUT /api/admin/users/YxuEne-fWv9HLUQD5JZxW/role 200 in 5ms :: {"id":"YxuEne-fWv…
7:41:17 PM [express] GET /api/user 200 in 2ms :: {"id":"R0QCCEGCCecYX83Vjn2oS","email":"admin@teclaw…
7:41:17 PM [express] GET /api/contact 304 in 1ms :: [{"id":"vooFFLtuh8Z2TnzdudP7t","name":"Test User…
7:41:17 PM [express] GET /api/posts 200 in 1ms :: []
7:41:17 PM [express] GET /api/plays 304 in 0ms :: []
7:41:20 PM [express] GET /api/admin/users/stats 200 in 2ms :: {"totalUsers":6,"adminCount":2,"monito…
7:41:20 PM [express] GET /api/admin/users 200 in 1ms :: [{"id":"YxuEne-fWv9HLUQD5JZxW","name":"Pablo…
7:42:08 PM [express] GET /api/user 200 in 1ms :: {"id":"YxuEne-fWv9HLUQD5JZxW","email":"pablovidal@c…
7:42:08 PM [express] GET /api/tickets 304 in 2ms :: []
7:42:08 PM [express] GET /api/plays 304 in 1ms :: []
7:44:38 PM [express] GET /api/posts 304 in 2ms :: []
7:44:40 PM [express] GET /api/plays-grouped 200 in 3ms :: []
7:46:37 PM [express] GET /api/gallery 200 in 2ms :: []
7:49:43 PM [express] GET /api/openapi.json 200 in 2ms
7:49:43 PM [express] GET /api/swagger.json 200 in 2ms
7:49:43 PM [express] GET /api/v1/openapi.json 200 in 2ms
7:49:44 PM [express] POST /api/graphql 200 in 2ms
7:54:56 PM [express] GET /api/user 401 in 1ms
7:54:56 PM [express] GET /api/posts 200 in 1ms :: []
7:55:00 PM [express] GET /api/posts 200 in 1ms :: []
7:55:00 PM [express] GET /api/user 401 in 1ms
7:55:01 PM [express] GET /api/plays-grouped 200 in 2ms :: []
7:55:13 PM [express] GET /api/gallery 200 in 3ms :: []
7:59:11 PM [express] GET /api/user 401 in 1ms
8:01:29 PM [express] GET /api/contact 304 in 2ms :: [{"id":"vooFFLtuh8Z2TnzdudP7t","name":"Test User…
8:01:29 PM [express] GET /api/plays 304 in 1ms :: []
8:01:30 PM [express] GET /api/admin/users/stats 304 in 1ms :: {"totalUsers":6,"adminCount":2,"monito…
8:01:30 PM [express] GET /api/admin/users 304 in 1ms :: [{"id":"YxuEne-fWv9HLUQD5JZxW","name":"Pablo…
8:01:40 PM [express] GET /api/posts 304 in 3ms :: []
8:01:54 PM [express] GET /api/contact 200 in 1ms :: [{"id":"vooFFLtuh8Z2TnzdudP7t","name":"Test User…
8:01:54 PM [express] GET /api/plays 304 in 0ms :: []
8:02:13 PM [express] GET /api/admin/users/stats 200 in 2ms :: {"totalUsers":6,"adminCount":2,"monito…
8:02:13 PM [express] GET /api/admin/users 200 in 1ms :: [{"id":"YxuEne-fWv9HLUQD5JZxW","name":"Pablo…
8:02:14 PM [express] GET /api/admin/weekly-code 200 in 3ms :: {"code":"34567","validFrom":"2025-08-2…
8:02:14 PM [express] GET /api/admin/validation-stats 200 in 2ms :: {"totalValidations":3,"todayValid…
8:02:14 PM [express] GET /api/admin/validation-logs 200 in 1ms :: [{"id":"validation_log_GROUP-17565…
8:02:27 PM [express] PUT /api/contact/vooFFLtuh8Z2TnzdudP7t/status 200 in 5ms
8:02:27 PM [express] GET /api/contact 304 in 1ms :: [{"id":"vooFFLtuh8Z2TnzdudP7t","name":"Test User…
8:02:35 PM [express] GET /api/user 304 in 1ms :: {"id":"YxuEne-fWv9HLUQD5JZxW","email":"pablovidal@c…
8:02:35 PM [express] GET /api/posts 200 in 1ms :: []
8:02:35 PM [express] GET /api/plays 304 in 4ms :: []
8:02:35 PM [express] GET /api/contact 304 in 1ms :: [{"id":"vooFFLtuh8Z2TnzdudP7t","name":"Test User…
8:02:44 PM [express] PUT /api/contact/vooFFLtuh8Z2TnzdudP7t/status 200 in 3ms
8:02:44 PM [express] GET /api/contact 304 in 2ms :: [{"id":"vooFFLtuh8Z2TnzdudP7t","name":"Test User…
8:02:46 PM [express] GET /api/user 304 in 2ms :: {"id":"YxuEne-fWv9HLUQD5JZxW","email":"pablovidal@c…
8:02:46 PM [express] GET /api/posts 304 in 5ms :: []
8:02:46 PM [express] GET /api/contact 304 in 1ms :: [{"id":"vooFFLtuh8Z2TnzdudP7t","name":"Test User…
8:02:46 PM [express] GET /api/plays 304 in 1ms :: []
8:02:51 PM [express] GET /api/user 304 in 1ms :: {"id":"YxuEne-fWv9HLUQD5JZxW","email":"pablovidal@c…
Browser disconnected, will reinitialize on next request
8:03:39 PM [express] GET /api/plays-grouped 200 in 3ms :: []
8:03:44 PM [express] GET /api/user 304 in 1ms :: {"id":"R0QCCEGCCecYX83Vjn2oS","email":"admin@teclaw…
8:03:44 PM [express] GET /api/plays-grouped 304 in 1ms :: []
8:03:45 PM [express] GET /api/plays-grouped 304 in 1ms :: []
8:03:45 PM [express] GET /api/user 304 in 0ms :: {"id":"R0QCCEGCCecYX83Vjn2oS","email":"admin@teclaw…
8:03:45 PM [express] GET /api/gallery 304 in 1ms :: []
8:03:46 PM [express] GET /api/posts 304 in 2ms :: []
8:15:35 PM [express] GET /api/plays-grouped 304 in 3ms :: []
8:15:38 PM [express] GET /api/gallery 304 in 2ms :: []
8:15:53 PM [express] GET /api/user 304 in 1ms :: {"id":"YxuEne-fWv9HLUQD5JZxW","email":"pablovidal@c…
8:16:02 PM [express] GET /api/admin/users/stats 304 in 1ms :: {"totalUsers":6,"adminCount":2,"monito…
8:16:02 PM [express] GET /api/admin/users 304 in 1ms :: [{"id":"YxuEne-fWv9HLUQD5JZxW","name":"Pablo…
8:16:34 PM [express] GET /api/admin/validation-stats 304 in 3ms :: {"totalValidations":3,"todayValid…
8:16:34 PM [express] GET /api/admin/weekly-code 304 in 1ms :: {"code":"34567","validFrom":"2025-08-2…
8:16:34 PM [express] GET /api/admin/validation-logs 304 in 1ms :: [{"id":"validation_log_GROUP-17565…
9:23:14 PM [express] GET /api/posts 304 in 5ms :: []
9:23:16 PM [express] GET /api/gallery 304 in 2ms :: []
8:20:25 AM [express] GET /api/posts 304 in 13ms :: []
8:20:44 AM [express] GET /api/contact 304 in 4ms :: [{"id":"vooFFLtuh8Z2TnzdudP7t","name":"Test User…
8:20:44 AM [express] GET /api/plays 304 in 2ms :: []
8:30:17 AM [express] GET /api/posts 304 in 5ms :: []
8:31:51 AM [express] GET /api/gallery 304 in 22ms :: []
8:49:07 AM [express] GET /api/plays 304 in 9ms :: []
8:49:07 AM [express] GET /api/posts 304 in 1ms :: []
8:49:07 AM [express] GET /api/contact 200 in 2ms :: []
8:53:22 AM [express] POST /api/plays 201 in 34ms :: {"id":"QzPqJbJUNhh4YdBaZsV2k","title":"test","de…
8:53:22 AM [express] GET /api/plays 200 in 4ms :: [{"id":"QzPqJbJUNhh4YdBaZsV2k","title":"test","des…
8:53:29 AM [express] GET /api/user 304 in 1ms :: {"id":"R0QCCEGCCecYX83Vjn2oS","email":"admin@teclaw…
8:53:29 AM [express] GET /api/plays-grouped 200 in 3ms :: [{"parentPlay":{"id":"QzPqJbJUNhh4YdBaZsV2…
8:54:04 AM [express] GET /api/posts 304 in 2ms :: []
8:54:04 AM [express] GET /api/plays 304 in 2ms :: [{"id":"QzPqJbJUNhh4YdBaZsV2k","title":"test","des…
8:54:04 AM [express] GET /api/contact 304 in 1ms :: []
Deleted 0 tickets for play QzPqJbJUNhh4YdBaZsV2k
Deleted 0 showtimes for play QzPqJbJUNhh4YdBaZsV2k
Deleted main play QzPqJbJUNhh4YdBaZsV2k
Total records deleted: 1
8:54:07 AM [express] DELETE /api/plays/QzPqJbJUNhh4YdBaZsV2k 204 in 10ms
8:54:07 AM [express] GET /api/plays 200 in 1ms :: []
8:54:54 AM [express] GET /api/plays-grouped 200 in 2ms :: []
8:54:54 AM [express] GET /api/user 304 in 1ms :: {"id":"R0QCCEGCCecYX83Vjn2oS","email":"admin@teclaw…
8:54:57 AM [express] GET /api/plays-grouped 304 in 2ms :: []
8:54:57 AM [express] GET /api/user 304 in 2ms :: {"id":"R0QCCEGCCecYX83Vjn2oS","email":"admin@teclaw…
8:54:58 AM [express] GET /api/plays-grouped 304 in 1ms :: []
8:54:58 AM [express] GET /api/user 304 in 8ms :: {"id":"R0QCCEGCCecYX83Vjn2oS","email":"admin@teclaw…
8:55:00 AM [express] GET /api/gallery 304 in 2ms :: []
9:19:38 AM [express] GET /api/plays-grouped 304 in 8ms :: []
9:22:14 AM [express] GET /api/posts 304 in 12ms :: []
9:25:12 AM [express] GET /api/gallery 304 in 1ms :: []
9:25:12 AM [express] GET /api/user 304 in 1ms :: {"id":"R0QCCEGCCecYX83Vjn2oS","email":"admin@teclaw…
9:25:12 AM [express] GET /api/gallery 304 in 2ms :: []
9:25:12 AM [express] GET /api/user 304 in 1ms :: {"id":"R0QCCEGCCecYX83Vjn2oS","email":"admin@teclaw…
9:25:13 AM [express] GET /api/gallery 304 in 1ms :: []
9:25:13 AM [express] GET /api/user 304 in 1ms :: {"id":"R0QCCEGCCecYX83Vjn2oS","email":"admin@teclaw…
9:25:14 AM [express] GET /api/plays-grouped 304 in 1ms :: []
9:25:15 AM [express] GET /api/posts 304 in 1ms :: []
9:25:16 AM [express] GET /api/plays 304 in 1ms :: []
9:25:16 AM [express] GET /api/contact 304 in 0ms :: []
9:27:09 AM [express] GET /api/admin/users/stats 304 in 5ms :: {"totalUsers":6,"adminCount":2,"monito…
9:27:09 AM [express] GET /api/admin/users 304 in 2ms :: [{"id":"YxuEne-fWv9HLUQD5JZxW","name":"Pablo…
9:27:15 AM [express] PUT /api/admin/users/4IpRHKyHX3OBlMgZzHuta/role 200 in 6ms :: {"id":"4IpRHKyHX3…
9:27:16 AM [express] GET /api/user 304 in 6ms :: {"id":"R0QCCEGCCecYX83Vjn2oS","email":"admin@teclaw…
9:27:16 AM [express] GET /api/posts 304 in 2ms :: []
9:27:16 AM [express] GET /api/plays 304 in 1ms :: []
9:27:16 AM [express] GET /api/contact 304 in 1ms :: []
9:27:18 AM [express] GET /api/admin/users 200 in 1ms :: [{"id":"YxuEne-fWv9HLUQD5JZxW","name":"Pablo…
9:27:18 AM [express] GET /api/admin/users/stats 200 in 1ms :: {"totalUsers":6,"adminCount":2,"monito…
9:27:21 AM [express] GET /api/plays-grouped 304 in 2ms :: []
